2023-2024 대상 386일 중 미완료 386일
=== 2023-03-13 완료 (177타자/66투수, player_code 없음 0명, round=kbo_e)
=== 2023-03-14 완료 (170타자/61투수, player_code 없음 0명, round=kbo_e)
=== 2023-03-15 완료 (164타자/63투수, player_code 없음 0명, round=kbo_e)
=== 2023-03-16 완료 (164타자/56투수, player_code 없음 0명, round=kbo_e)
=== 2023-03-18 완료 (175타자/59투수, player_code 없음 0명, round=kbo_e)
=== 2023-03-19 완료 (170타자/59투수, player_code 없음 0명, round=kbo_e)
=== 2023-03-20 완료 (162타자/52투수, player_code 없음 0명, round=kbo_e)
=== 2023-03-21 완료 (164타자/59투수, player_code 없음 0명, round=kbo_e)
=== 2023-03-23 완료 (69타자/23투수, player_code 없음 0명, round=kbo_e)
=== 2023-03-24 완료 (165타자/50투수, player_code 없음 0명, round=kbo_e)
=== 2023-03-25 완료 (174타자/62투수, player_code 없음 0명, round=kbo_e)
=== 2023-03-26 완료 (160타자/53투수, player_code 없음 0명, round=kbo_e)
=== 2023-03-27 완료 (159타자/53투수, player_code 없음 0명, round=kbo_e)
=== 2023-03-28 완료 (172타자/60투수, player_code 없음 0명, round=kbo_e)
=== 2023-04-01 완료 (134타자/62투수, player_code 없음 0명, round=kbo_r)
=== 2023-04-02 완료 (120타자/59투수, player_code 없음 0명, round=kbo_r)
=== 2023-04-04 완료 (92타자/32투수, player_code 없음 0명, round=kbo_r)
=== 2023-04-05 완료 (48타자/15투수, player_code 없음 0명, round=kbo_r)
=== 2023-04-06 완료 (72타자/27투수, player_code 없음 0명, round=kbo_r)
=== 2023-04-07 완료 (117타자/38투수, player_code 없음 0명, round=kbo_r)
=== 2023-04-08 완료 (126타자/52투수, player_code 없음 0명, round=kbo_r)
=== 2023-04-09 완료 (122타자/43투수, player_code 없음 0명, round=kbo_r)
=== 2023-04-11 완료 (125타자/46투수, player_code 없음 0명, round=kbo_r)
=== 2023-04-12 완료 (90타자/36투수, player_code 없음 0명, round=kbo_r)
=== 2023-04-13 완료 (132타자/46투수, player_code 없음 0명, round=kbo_r)
=== 2023-04-14 완료 (126타자/50투수, player_code 없음 0명, round=kbo_r)
=== 2023-04-15 완료 (115타자/45투수, player_code 없음 0명, round=kbo_r)
=== 2023-04-16 완료 (122타자/45투수, player_code 없음 0명, round=kbo_r)
=== 2023-04-18 완료 (116타자/49투수, player_code 없음 0명, round=kbo_r)
=== 2023-04-19 완료 (127타자/51투수, player_code 없음 0명, round=kbo_r)
=== 2023-04-20 완료 (124타자/41투수, player_code 없음 0명, round=kbo_r)
=== 2023-04-21 완료 (129타자/49투수, player_code 없음 0명, round=kbo_r)
=== 2023-04-22 완료 (118타자/40투수, player_code 없음 0명, round=kbo_r)
=== 2023-04-23 완료 (122타자/54투수, player_code 없음 0명, round=kbo_r)
=== 2023-04-25 완료 (70타자/24투수, player_code 없음 0명, round=kbo_r)
=== 2023-04-26 완료 (120타자/43투수, player_code 없음 0명, round=kbo_r)
=== 2023-04-27 완료 (112타자/42투수, player_code 없음 0명, round=kbo_r)
=== 2023-04-28 완료 (133타자/53투수, player_code 없음 0명, round=kbo_r)
=== 2023-04-29 완료 (97타자/34투수, player_code 없음 0명, round=kbo_r)
=== 2023-04-30 완료 (128타자/49투수, player_code 없음 0명, round=kbo_r)
=== 2023-05-02 완료 (119타자/48투수, player_code 없음 0명, round=kbo_r)
=== 2023-05-03 완료 (116타자/46투수, player_code 없음 0명, round=kbo_r)
=== 2023-05-04 완료 (82타자/22투수, player_code 없음 0명, round=kbo_r)
=== 2023-05-05 완료 (23타자/8투수, player_code 없음 0명, round=kbo_r)
=== 2023-05-06 완료 (23타자/6투수, player_code 없음 0명, round=kbo_r)
=== 2023-05-07 완료 (77타자/31투수, player_code 없음 0명, round=kbo_r)
=== 2023-05-09 완료 (121타자/42투수, player_code 없음 0명, round=kbo_r)
=== 2023-05-10 완료 (116타자/45투수, player_code 없음 0명, round=kbo_r)
=== 2023-05-11 완료 (123타자/47투수, player_code 없음 0명, round=kbo_r)
=== 2023-05-12 완료 (115타자/43투수, player_code 없음 0명, round=kbo_r)
=== 2023-05-13 완료 (123타자/41투수, player_code 없음 0명, round=kbo_r)
=== 2023-05-14 완료 (126타자/53투수, player_code 없음 0명, round=kbo_r)
=== 2023-05-16 완료 (123타자/50투수, player_code 없음 0명, round=kbo_r)
=== 2023-05-17 완료 (118타자/52투수, player_code 없음 0명, round=kbo_r)
=== 2023-05-18 완료 (76타자/29투수, player_code 없음 0명, round=kbo_r)
=== 2023-05-19 완료 (122타자/50투수, player_code 없음 0명, round=kbo_r)
=== 2023-05-20 완료 (127타자/47투수, player_code 없음 0명, round=kbo_r)
=== 2023-05-21 완료 (124타자/49투수, player_code 없음 0명, round=kbo_r)
=== 2023-05-23 완료 (122타자/45투수, player_code 없음 0명, round=kbo_r)
=== 2023-05-24 완료 (125타자/46투수, player_code 없음 0명, round=kbo_r)
=== 2023-05-25 완료 (129타자/46투수, player_code 없음 0명, round=kbo_r)
=== 2023-05-26 완료 (127타자/40투수, player_code 없음 0명, round=kbo_r)
=== 2023-05-27 완료 (96타자/42투수, player_code 없음 0명, round=kbo_r)
=== 2023-05-28 완료 (76타자/28투수, player_code 없음 0명, round=kbo_r)
=== 2023-05-30 완료 (120타자/41투수, player_code 없음 0명, round=kbo_r)
=== 2023-05-31 완료 (130타자/43투수, player_code 없음 0명, round=kbo_r)
=== 2023-06-01 완료 (81타자/23투수, player_code 없음 0명, round=kbo_r)
=== 2023-06-02 완료 (135타자/45투수, player_code 없음 0명, round=kbo_r)
=== 2023-06-03 완료 (120타자/50투수, player_code 없음 0명, round=kbo_r)
=== 2023-06-04 완료 (116타자/48투수, player_code 없음 0명, round=kbo_r)
=== 2023-06-06 완료 (120타자/45투수, player_code 없음 0명, round=kbo_r)
=== 2023-06-07 완료 (121타자/58투수, player_code 없음 0명, round=kbo_r)
=== 2023-06-08 완료 (130타자/47투수, player_code 없음 0명, round=kbo_r)
=== 2023-06-09 완료 (122타자/46투수, player_code 없음 0명, round=kbo_r)
=== 2023-06-10 완료 (123타자/42투수, player_code 없음 0명, round=kbo_r)
=== 2023-06-11 완료 (122타자/50투수, player_code 없음 0명, round=kbo_r)
=== 2023-06-13 완료 (125타자/47투수, player_code 없음 0명, round=kbo_r)
=== 2023-06-14 완료 (125타자/44투수, player_code 없음 0명, round=kbo_r)
=== 2023-06-15 완료 (123타자/52투수, player_code 없음 0명, round=kbo_r)
=== 2023-06-16 완료 (132타자/54투수, player_code 없음 0명, round=kbo_r)
=== 2023-06-17 완료 (123타자/54투수, player_code 없음 0명, round=kbo_r)
=== 2023-06-18 완료 (139타자/59투수, player_code 없음 0명, round=kbo_r)
=== 2023-06-20 완료 (120타자/52투수, player_code 없음 0명, round=kbo_r)
=== 2023-06-21 완료 (123타자/47투수, player_code 없음 0명, round=kbo_r)
=== 2023-06-22 완료 (121타자/49투수, player_code 없음 0명, round=kbo_r)
=== 2023-06-23 완료 (118타자/41투수, player_code 없음 0명, round=kbo_r)
=== 2023-06-24 완료 (129타자/43투수, player_code 없음 0명, round=kbo_r)
=== 2023-06-25 완료 (79타자/28투수, player_code 없음 0명, round=kbo_r)
=== 2023-06-27 완료 (118타자/35투수, player_code 없음 0명, round=kbo_r)
=== 2023-06-28 완료 (121타자/63투수, player_code 없음 0명, round=kbo_r)
시간 예산 소진, 다음 실행에서 이어서 진행
이번 실행 후 남은 미완료: 296일
2023-2024 대상 386일 중 미완료 296일
=== 2023-06-30 완료 (128타자/41투수, player_code 없음 0명, round=kbo_r)
=== 2023-07-01 완료 (117타자/46투수, player_code 없음 0명, round=kbo_r)
=== 2023-07-02 완료 (121타자/44투수, player_code 없음 0명, round=kbo_r)
=== 2023-07-04 완료 (50타자/26투수, player_code 없음 0명, round=kbo_r)
=== 2023-07-05 완료 (124타자/52투수, player_code 없음 0명, round=kbo_r)
=== 2023-07-06 완료 (120타자/55투수, player_code 없음 0명, round=kbo_r)
=== 2023-07-07 완료 (57타자/22투수, player_code 없음 0명, round=kbo_r)
=== 2023-07-08 완료 (126타자/45투수, player_code 없음 0명, round=kbo_r)
=== 2023-07-09 완료 (126타자/44투수, player_code 없음 0명, round=kbo_r)
=== 2023-07-11 완료 (27타자/7투수, player_code 없음 0명, round=kbo_r)
=== 2023-07-12 완료 (125타자/45투수, player_code 없음 0명, round=kbo_r)
=== 2023-07-13 완료 (76타자/24투수, player_code 없음 0명, round=kbo_r)
=== 2023-07-15 완료 (34타자/19투수, player_code 없음 0명, round=kbo_as)
=== 2023-07-21 완료 (124타자/46투수, player_code 없음 0명, round=kbo_r)
=== 2023-07-22 완료 (71타자/30투수, player_code 없음 0명, round=kbo_r)
=== 2023-07-23 완료 (55타자/26투수, player_code 없음 0명, round=kbo_r)
=== 2023-07-25 완료 (123타자/50투수, player_code 없음 0명, round=kbo_r)
=== 2023-07-26 완료 (131타자/50투수, player_code 없음 0명, round=kbo_r)
=== 2023-07-27 완료 (116타자/38투수, player_code 없음 0명, round=kbo_r)
=== 2023-07-28 완료 (138타자/48투수, player_code 없음 0명, round=kbo_r)
=== 2023-07-29 완료 (129타자/51투수, player_code 없음 0명, round=kbo_r)
=== 2023-07-30 완료 (119타자/48투수, player_code 없음 0명, round=kbo_r)
=== 2023-08-01 완료 (131타자/48투수, player_code 없음 0명, round=kbo_r)
=== 2023-08-02 완료 (120타자/49투수, player_code 없음 0명, round=kbo_r)
=== 2023-08-03 완료 (122타자/49투수, player_code 없음 0명, round=kbo_r)
=== 2023-08-04 완료 (123타자/44투수, player_code 없음 0명, round=kbo_r)
=== 2023-08-05 완료 (124타자/47투수, player_code 없음 0명, round=kbo_r)
=== 2023-08-06 완료 (128타자/52투수, player_code 없음 0명, round=kbo_r)
=== 2023-08-08 완료 (100타자/35투수, player_code 없음 0명, round=kbo_r)
=== 2023-08-09 완료 (117타자/49투수, player_code 없음 0명, round=kbo_r)
=== 2023-08-10 완료 (29타자/14투수, player_code 없음 0명, round=kbo_r)
=== 2023-08-11 완료 (120타자/50투수, player_code 없음 0명, round=kbo_r)
=== 2023-08-12 완료 (119타자/42투수, player_code 없음 0명, round=kbo_r)
=== 2023-08-13 완료 (120타자/47투수, player_code 없음 0명, round=kbo_r)
=== 2023-08-15 완료 (116타자/51투수, player_code 없음 0명, round=kbo_r)
=== 2023-08-16 완료 (123타자/47투수, player_code 없음 0명, round=kbo_r)
=== 2023-08-17 완료 (128타자/51투수, player_code 없음 0명, round=kbo_r)
=== 2023-08-18 완료 (104타자/40투수, player_code 없음 0명, round=kbo_r)
=== 2023-08-19 완료 (125타자/43투수, player_code 없음 0명, round=kbo_r)
=== 2023-08-20 완료 (126타자/52투수, player_code 없음 0명, round=kbo_r)
=== 2023-08-22 완료 (76타자/24투수, player_code 없음 0명, round=kbo_r)
=== 2023-08-23 완료 (27타자/10투수, player_code 없음 0명, round=kbo_r)
=== 2023-08-24 완료 (101타자/36투수, player_code 없음 0명, round=kbo_r)
=== 2023-08-25 완료 (127타자/40투수, player_code 없음 0명, round=kbo_r)
=== 2023-08-26 완료 (133타자/50투수, player_code 없음 0명, round=kbo_r)
=== 2023-08-27 완료 (120타자/49투수, player_code 없음 0명, round=kbo_r)
=== 2023-08-30 완료 (21타자/11투수, player_code 없음 0명, round=kbo_r)
=== 2023-08-31 완료 (127타자/52투수, player_code 없음 0명, round=kbo_r)
=== 2023-09-01 완료 (123타자/34투수, player_code 없음 0명, round=kbo_r)
=== 2023-09-02 완료 (99타자/43투수, player_code 없음 0명, round=kbo_r)
=== 2023-09-03 완료 (129타자/45투수, player_code 없음 0명, round=kbo_r)
=== 2023-09-04 완료 (26타자/7투수, player_code 없음 0명, round=kbo_r)
=== 2023-09-05 완료 (109타자/43투수, player_code 없음 0명, round=kbo_r)
=== 2023-09-06 완료 (143타자/51투수, player_code 없음 0명, round=kbo_r)
=== 2023-09-07 완료 (136타자/50투수, player_code 없음 0명, round=kbo_r)
=== 2023-09-08 완료 (156타자/52투수, player_code 없음 0명, round=kbo_r)
=== 2023-09-09 완료 (257타자/92투수, player_code 없음 0명, round=kbo_r)
=== 2023-09-10 완료 (132타자/54투수, player_code 없음 0명, round=kbo_r)
=== 2023-09-12 완료 (100타자/41투수, player_code 없음 0명, round=kbo_r)
=== 2023-09-13 완료 (51타자/11투수, player_code 없음 0명, round=kbo_r)
=== 2023-09-14 완료 (54타자/17투수, player_code 없음 0명, round=kbo_r)
=== 2023-09-15 완료 (98타자/39투수, player_code 없음 0명, round=kbo_r)
=== 2023-09-16 완료 (31타자/11투수, player_code 없음 0명, round=kbo_r)
=== 2023-09-17 완료 (160타자/56투수, player_code 없음 0명, round=kbo_r)
=== 2023-09-18 완료 (56타자/21투수, player_code 없음 0명, round=kbo_r)
=== 2023-09-19 완료 (131타자/47투수, player_code 없음 0명, round=kbo_r)
=== 2023-09-21 완료 (137타자/43투수, player_code 없음 0명, round=kbo_r)
=== 2023-09-22 완료 (136타자/50투수, player_code 없음 0명, round=kbo_r)
=== 2023-09-23 완료 (106타자/31투수, player_code 없음 0명, round=kbo_r)
=== 2023-09-24 완료 (118타자/38투수, player_code 없음 0명, round=kbo_r)
=== 2023-09-26 완료 (25타자/12투수, player_code 없음 0명, round=kbo_r)
=== 2023-09-27 완료 (227타자/75투수, player_code 없음 0명, round=kbo_r)
=== 2023-09-28 완료 (117타자/35투수, player_code 없음 0명, round=kbo_r)
=== 2023-09-29 완료 (84타자/33투수, player_code 없음 0명, round=kbo_r)
=== 2023-09-30 완료 (76타자/24투수, player_code 없음 0명, round=kbo_r)
=== 2023-10-01 완료 (126타자/45투수, player_code 없음 0명, round=kbo_r)
=== 2023-10-02 완료 (143타자/52투수, player_code 없음 0명, round=kbo_r)
=== 2023-10-03 완료 (107타자/38투수, player_code 없음 0명, round=kbo_r)
=== 2023-10-04 완료 (144타자/45투수, player_code 없음 0명, round=kbo_r)
=== 2023-10-05 완료 (98타자/31투수, player_code 없음 0명, round=kbo_r)
=== 2023-10-06 완료 (80타자/35투수, player_code 없음 0명, round=kbo_r)
=== 2023-10-07 완료 (105타자/35투수, player_code 없음 0명, round=kbo_r)
=== 2023-10-08 완료 (121타자/36투수, player_code 없음 0명, round=kbo_r)
=== 2023-10-09 완료 (82타자/35투수, player_code 없음 0명, round=kbo_r)
=== 2023-10-10 완료 (133타자/52투수, player_code 없음 0명, round=kbo_r)
=== 2023-10-11 완료 (57타자/17투수, player_code 없음 0명, round=kbo_r)
=== 2023-10-12 완료 (57타자/24투수, player_code 없음 0명, round=kbo_r)
=== 2023-10-13 완료 (74타자/27투수, player_code 없음 0명, round=kbo_r)
=== 2023-10-14 완료 (76타자/28투수, player_code 없음 0명, round=kbo_r)
=== 2023-10-15 완료 (74타자/30투수, player_code 없음 0명, round=kbo_r)
=== 2023-10-16 완료 (77타자/35투수, player_code 없음 0명, round=kbo_r)
=== 2023-10-17 완료 (60타자/16투수, player_code 없음 0명, round=kbo_r)
=== 2023-10-19 완료 (27타자/14투수, player_code 없음 0명, round=kbo_ps_wd)
=== 2023-10-22 완료 (25타자/7투수, player_code 없음 0명, round=kbo_ps_sp)
=== 2023-10-23 완료 (21타자/10투수, player_code 없음 0명, round=kbo_ps_sp)
=== 2023-10-25 완료 (24타자/12투수, player_code 없음 0명, round=kbo_ps_sp)
시간 예산 소진, 다음 실행에서 이어서 진행
이번 실행 후 남은 미완료: 200일
2023-2024 대상 386일 중 미완료 200일
=== 2023-10-30 완료 (27타자/13투수, player_code 없음 0명, round=kbo_ps_po)
=== 2023-10-31 완료 (27타자/7투수, player_code 없음 0명, round=kbo_ps_po)
=== 2023-11-02 완료 (21타자/8투수, player_code 없음 0명, round=kbo_ps_po)
=== 2023-11-03 완료 (30타자/10투수, player_code 없음 0명, round=kbo_ps_po)
=== 2023-11-05 완료 (23타자/8투수, player_code 없음 0명, round=kbo_ps_po)
=== 2023-11-07 완료 (22타자/7투수, player_code 없음 0명, round=kbo_ps_ks)
=== 2023-11-08 완료 (23타자/12투수, player_code 없음 0명, round=kbo_ps_ks)
=== 2023-11-10 완료 (28타자/13투수, player_code 없음 0명, round=kbo_ps_ks)
=== 2023-11-11 완료 (32타자/12투수, player_code 없음 0명, round=kbo_ps_ks)
=== 2023-11-13 완료 (21타자/8투수, player_code 없음 0명, round=kbo_ps_ks)
=== 2024-03-08 완료 (0타자/0투수, player_code 없음 0명, round=kbo_e)
=== 2024-03-09 완료 (169타자/60투수, player_code 없음 0명, round=kbo_e)
=== 2024-03-10 완료 (177타자/55투수, player_code 없음 0명, round=kbo_e)
=== 2024-03-11 완료 (174타자/56투수, player_code 없음 0명, round=kbo_e)
=== 2024-03-12 완료 (131타자/40투수, player_code 없음 0명, round=kbo_e)
=== 2024-03-14 완료 (177타자/67투수, player_code 없음 0명, round=kbo_e)
=== 2024-03-15 완료 (171타자/63투수, player_code 없음 0명, round=kbo_e)
=== 2024-03-16 완료 (164타자/54투수, player_code 없음 0명, round=kbo_e)
=== 2024-03-17 완료 (135타자/46투수, player_code 없음 0명, round=kbo_e)
=== 2024-03-18 완료 (132타자/42투수, player_code 없음 0명, round=kbo_e)
=== 2024-03-19 완료 (137타자/52투수, player_code 없음 0명, round=kbo_e)
=== 2024-03-23 완료 (115타자/49투수, player_code 없음 0명, round=kbo_r)
=== 2024-03-24 완료 (108타자/46투수, player_code 없음 0명, round=kbo_r)
=== 2024-03-26 완료 (124타자/47투수, player_code 없음 0명, round=kbo_r)
=== 2024-03-27 완료 (121타자/51투수, player_code 없음 0명, round=kbo_r)
=== 2024-03-28 완료 (76타자/28투수, player_code 없음 0명, round=kbo_r)
=== 2024-03-29 완료 (116타자/44투수, player_code 없음 0명, round=kbo_r)
=== 2024-03-30 완료 (125타자/47투수, player_code 없음 0명, round=kbo_r)
=== 2024-03-31 완료 (132타자/59투수, player_code 없음 0명, round=kbo_r)
=== 2024-04-02 완료 (123타자/51투수, player_code 없음 0명, round=kbo_r)
=== 2024-04-03 완료 (68타자/27투수, player_code 없음 0명, round=kbo_r)
=== 2024-04-04 완료 (122타자/48투수, player_code 없음 0명, round=kbo_r)
=== 2024-04-05 완료 (118타자/48투수, player_code 없음 0명, round=kbo_r)
=== 2024-04-06 완료 (125타자/45투수, player_code 없음 0명, round=kbo_r)
=== 2024-04-07 완료 (123타자/58투수, player_code 없음 0명, round=kbo_r)
=== 2024-04-09 완료 (121타자/46투수, player_code 없음 0명, round=kbo_r)
=== 2024-04-10 완료 (115타자/54투수, player_code 없음 0명, round=kbo_r)
=== 2024-04-11 완료 (119타자/48투수, player_code 없음 0명, round=kbo_r)
=== 2024-04-12 완료 (119타자/48투수, player_code 없음 0명, round=kbo_r)
=== 2024-04-13 완료 (132타자/54투수, player_code 없음 0명, round=kbo_r)
=== 2024-04-14 완료 (120타자/54투수, player_code 없음 0명, round=kbo_r)
=== 2024-04-16 완료 (118타자/53투수, player_code 없음 0명, round=kbo_r)
=== 2024-04-17 완료 (124타자/46투수, player_code 없음 0명, round=kbo_r)
=== 2024-04-18 완료 (93타자/33투수, player_code 없음 0명, round=kbo_r)
=== 2024-04-19 완료 (120타자/46투수, player_code 없음 0명, round=kbo_r)
=== 2024-04-20 완료 (47타자/16투수, player_code 없음 0명, round=kbo_r)
=== 2024-04-21 완료 (210타자/79투수, player_code 없음 0명, round=kbo_r)
=== 2024-04-23 완료 (88타자/43투수, player_code 없음 0명, round=kbo_r)
=== 2024-04-24 완료 (116타자/42투수, player_code 없음 0명, round=kbo_r)
=== 2024-04-25 완료 (130타자/36투수, player_code 없음 0명, round=kbo_r)
=== 2024-04-26 완료 (120타자/45투수, player_code 없음 0명, round=kbo_r)
=== 2024-04-27 완료 (120타자/47투수, player_code 없음 0명, round=kbo_r)
=== 2024-04-28 완료 (127타자/51투수, player_code 없음 0명, round=kbo_r)
=== 2024-04-30 완료 (119타자/42투수, player_code 없음 0명, round=kbo_r)
=== 2024-05-01 완료 (127타자/45투수, player_code 없음 0명, round=kbo_r)
=== 2024-05-02 완료 (123타자/53투수, player_code 없음 0명, round=kbo_r)
=== 2024-05-03 완료 (118타자/45투수, player_code 없음 0명, round=kbo_r)
=== 2024-05-04 완료 (123타자/51투수, player_code 없음 0명, round=kbo_r)
=== 2024-05-07 완료 (53타자/19투수, player_code 없음 0명, round=kbo_r)
=== 2024-05-08 완료 (130타자/55투수, player_code 없음 0명, round=kbo_r)
=== 2024-05-09 완료 (121타자/51투수, player_code 없음 0명, round=kbo_r)
=== 2024-05-10 완료 (125타자/48투수, player_code 없음 0명, round=kbo_r)
=== 2024-05-11 완료 (76타자/33투수, player_code 없음 0명, round=kbo_r)
=== 2024-05-12 완료 (186타자/76투수, player_code 없음 0명, round=kbo_r)
=== 2024-05-14 완료 (127타자/53투수, player_code 없음 0명, round=kbo_r)
=== 2024-05-15 완료 (49타자/17투수, player_code 없음 0명, round=kbo_r)
=== 2024-05-16 완료 (123타자/55투수, player_code 없음 0명, round=kbo_r)
=== 2024-05-17 완료 (129타자/57투수, player_code 없음 0명, round=kbo_r)
=== 2024-05-18 완료 (130타자/47투수, player_code 없음 0명, round=kbo_r)
=== 2024-05-19 완료 (133타자/53투수, player_code 없음 0명, round=kbo_r)
=== 2024-05-21 완료 (120타자/50투수, player_code 없음 0명, round=kbo_r)
=== 2024-05-22 완료 (113타자/43투수, player_code 없음 0명, round=kbo_r)
=== 2024-05-23 완료 (129타자/46투수, player_code 없음 0명, round=kbo_r)
=== 2024-05-24 완료 (126타자/51투수, player_code 없음 0명, round=kbo_r)
=== 2024-05-25 완료 (124타자/48투수, player_code 없음 0명, round=kbo_r)
=== 2024-05-26 완료 (68타자/28투수, player_code 없음 0명, round=kbo_r)
=== 2024-05-28 완료 (129타자/50투수, player_code 없음 0명, round=kbo_r)
=== 2024-05-29 완료 (131타자/49투수, player_code 없음 0명, round=kbo_r)
=== 2024-05-30 완료 (122타자/38투수, player_code 없음 0명, round=kbo_r)
=== 2024-05-31 완료 (120타자/46투수, player_code 없음 0명, round=kbo_r)
=== 2024-06-01 완료 (119타자/46투수, player_code 없음 0명, round=kbo_r)
=== 2024-06-02 완료 (125타자/49투수, player_code 없음 0명, round=kbo_r)
=== 2024-06-04 완료 (125타자/44투수, player_code 없음 0명, round=kbo_r)
=== 2024-06-05 완료 (135타자/54투수, player_code 없음 0명, round=kbo_r)
=== 2024-06-06 완료 (108타자/42투수, player_code 없음 0명, round=kbo_r)
=== 2024-06-07 완료 (126타자/54투수, player_code 없음 0명, round=kbo_r)
=== 2024-06-08 완료 (97타자/38투수, player_code 없음 0명, round=kbo_r)
=== 2024-06-09 완료 (154타자/55투수, player_code 없음 0명, round=kbo_r)
=== 2024-06-11 완료 (117타자/59투수, player_code 없음 0명, round=kbo_r)
=== 2024-06-12 완료 (120타자/49투수, player_code 없음 0명, round=kbo_r)
시간 예산 소진, 다음 실행에서 이어서 진행
이번 실행 후 남은 미완료: 110일
2023-2024 대상 386일 중 미완료 110일
=== 2024-06-13 완료 (126타자/43투수, player_code 없음 0명, round=kbo_r)
=== 2024-06-14 완료 (125타자/47투수, player_code 없음 0명, round=kbo_r)
=== 2024-06-15 완료 (129타자/55투수, player_code 없음 0명, round=kbo_r)
=== 2024-06-16 완료 (123타자/50투수, player_code 없음 0명, round=kbo_r)
=== 2024-06-18 완료 (115타자/46투수, player_code 없음 0명, round=kbo_r)
=== 2024-06-19 완료 (132타자/53투수, player_code 없음 0명, round=kbo_r)
=== 2024-06-20 완료 (119타자/38투수, player_code 없음 0명, round=kbo_r)
=== 2024-06-21 완료 (127타자/44투수, player_code 없음 0명, round=kbo_r)
=== 2024-06-22 완료 (52타자/17투수, player_code 없음 0명, round=kbo_r)
=== 2024-06-23 완료 (212타자/87투수, player_code 없음 0명, round=kbo_r)
=== 2024-06-25 완료 (115타자/48투수, player_code 없음 0명, round=kbo_r)
=== 2024-06-26 완료 (124타자/51투수, player_code 없음 0명, round=kbo_r)
=== 2024-06-27 완료 (124타자/43투수, player_code 없음 0명, round=kbo_r)
=== 2024-06-28 완료 (131타자/43투수, player_code 없음 0명, round=kbo_r)
=== 2024-06-29 완료 (18타자/3투수, player_code 없음 0명, round=kbo_r)
=== 2024-06-30 완료 (102타자/43투수, player_code 없음 0명, round=kbo_r)
=== 2024-07-02 완료 (80타자/29투수, player_code 없음 0명, round=kbo_r)
=== 2024-07-03 완료 (121타자/46투수, player_code 없음 0명, round=kbo_r)
=== 2024-07-04 완료 (132타자/51투수, player_code 없음 0명, round=kbo_r)
=== 2024-07-06 완료 (29타자/20투수, player_code 없음 0명, round=kbo_as)
=== 2024-07-09 완료 (78타자/27투수, player_code 없음 0명, round=kbo_r)
=== 2024-07-10 완료 (125타자/49투수, player_code 없음 0명, round=kbo_r)
=== 2024-07-11 완료 (121타자/50투수, player_code 없음 0명, round=kbo_r)
=== 2024-07-12 완료 (124타자/44투수, player_code 없음 0명, round=kbo_r)
=== 2024-07-13 완료 (128타자/55투수, player_code 없음 0명, round=kbo_r)
=== 2024-07-14 완료 (74타자/30투수, player_code 없음 0명, round=kbo_r)
=== 2024-07-16 완료 (52타자/17투수, player_code 없음 0명, round=kbo_r)
=== 2024-07-17 완료 (125타자/53투수, player_code 없음 0명, round=kbo_r)
=== 2024-07-18 완료 (98타자/40투수, player_code 없음 0명, round=kbo_r)
=== 2024-07-19 완료 (127타자/49투수, player_code 없음 0명, round=kbo_r)
=== 2024-07-20 완료 (58타자/16투수, player_code 없음 0명, round=kbo_r)
=== 2024-07-21 완료 (120타자/49투수, player_code 없음 0명, round=kbo_r)
=== 2024-07-23 완료 (105타자/32투수, player_code 없음 0명, round=kbo_r)
=== 2024-07-24 완료 (89타자/29투수, player_code 없음 0명, round=kbo_r)
=== 2024-07-25 완료 (98타자/45투수, player_code 없음 0명, round=kbo_r)
=== 2024-07-26 완료 (90타자/34투수, player_code 없음 0명, round=kbo_r)
=== 2024-07-27 완료 (98타자/34투수, player_code 없음 0명, round=kbo_r)
=== 2024-07-28 완료 (118타자/59투수, player_code 없음 0명, round=kbo_r)
=== 2024-07-30 완료 (119타자/46투수, player_code 없음 0명, round=kbo_r)
=== 2024-07-31 완료 (139타자/57투수, player_code 없음 0명, round=kbo_r)
=== 2024-08-01 완료 (130타자/55투수, player_code 없음 0명, round=kbo_r)
=== 2024-08-02 완료 (96타자/38투수, player_code 없음 0명, round=kbo_r)
=== 2024-08-03 완료 (103타자/34투수, player_code 없음 0명, round=kbo_r)
=== 2024-08-04 완료 (52타자/24투수, player_code 없음 0명, round=kbo_r)
=== 2024-08-06 완료 (118타자/53투수, player_code 없음 0명, round=kbo_r)
=== 2024-08-07 완료 (127타자/47투수, player_code 없음 0명, round=kbo_r)
=== 2024-08-08 완료 (97타자/36투수, player_code 없음 0명, round=kbo_r)
=== 2024-08-09 완료 (121타자/56투수, player_code 없음 0명, round=kbo_r)
=== 2024-08-10 완료 (103타자/38투수, player_code 없음 0명, round=kbo_r)
=== 2024-08-11 완료 (115타자/56투수, player_code 없음 0명, round=kbo_r)
=== 2024-08-13 완료 (93타자/36투수, player_code 없음 0명, round=kbo_r)
=== 2024-08-14 완료 (102타자/36투수, player_code 없음 0명, round=kbo_r)
=== 2024-08-15 완료 (130타자/48투수, player_code 없음 0명, round=kbo_r)
=== 2024-08-16 완료 (107타자/41투수, player_code 없음 0명, round=kbo_r)
=== 2024-08-17 완료 (128타자/51투수, player_code 없음 0명, round=kbo_r)
=== 2024-08-18 완료 (115타자/47투수, player_code 없음 0명, round=kbo_r)
=== 2024-08-20 완료 (94타자/41투수, player_code 없음 0명, round=kbo_r)
=== 2024-08-21 완료 (123타자/45투수, player_code 없음 0명, round=kbo_r)
=== 2024-08-22 완료 (72타자/28투수, player_code 없음 0명, round=kbo_r)
=== 2024-08-23 완료 (128타자/49투수, player_code 없음 0명, round=kbo_r)
=== 2024-08-24 완료 (135타자/52투수, player_code 없음 0명, round=kbo_r)
=== 2024-08-25 완료 (117타자/35투수, player_code 없음 0명, round=kbo_r)
=== 2024-08-27 완료 (111타자/38투수, player_code 없음 0명, round=kbo_r)
=== 2024-08-28 완료 (129타자/58투수, player_code 없음 0명, round=kbo_r)
=== 2024-08-29 완료 (124타자/54투수, player_code 없음 0명, round=kbo_r)
=== 2024-08-30 완료 (47타자/14투수, player_code 없음 0명, round=kbo_r)
=== 2024-08-31 완료 (93타자/44투수, player_code 없음 0명, round=kbo_r)
=== 2024-09-01 완료 (90타자/34투수, player_code 없음 0명, round=kbo_r)
=== 2024-09-03 완료 (108타자/35투수, player_code 없음 0명, round=kbo_r)
=== 2024-09-04 완료 (131타자/48투수, player_code 없음 0명, round=kbo_r)
=== 2024-09-05 완료 (114타자/43투수, player_code 없음 0명, round=kbo_r)
=== 2024-09-06 완료 (107타자/39투수, player_code 없음 0명, round=kbo_r)
=== 2024-09-07 완료 (148타자/47투수, player_code 없음 0명, round=kbo_r)
=== 2024-09-08 완료 (115타자/35투수, player_code 없음 0명, round=kbo_r)
=== 2024-09-10 완료 (102타자/38투수, player_code 없음 0명, round=kbo_r)
=== 2024-09-11 완료 (120타자/41투수, player_code 없음 0명, round=kbo_r)
=== 2024-09-12 완료 (88타자/27투수, player_code 없음 0명, round=kbo_r)
=== 2024-09-13 완료 (27타자/10투수, player_code 없음 0명, round=kbo_r)
=== 2024-09-14 완료 (124타자/53투수, player_code 없음 0명, round=kbo_r)
=== 2024-09-15 완료 (103타자/45투수, player_code 없음 0명, round=kbo_r)
=== 2024-09-16 완료 (55타자/26투수, player_code 없음 0명, round=kbo_r)
=== 2024-09-17 완료 (129타자/54투수, player_code 없음 0명, round=kbo_r)
=== 2024-09-18 완료 (74타자/32투수, player_code 없음 0명, round=kbo_r)
=== 2024-09-19 완료 (129타자/60투수, player_code 없음 0명, round=kbo_r)
시간 예산 소진, 다음 실행에서 이어서 진행
이번 실행 후 남은 미완료: 26일
2023-2024 대상 386일 중 미완료 26일
=== 2024-09-21 완료 (82타자/29투수, player_code 없음 0명, round=kbo_r)
=== 2024-09-22 완료 (107타자/41투수, player_code 없음 0명, round=kbo_r)
=== 2024-09-23 완료 (86타자/31투수, player_code 없음 0명, round=kbo_r)
=== 2024-09-24 완료 (136타자/44투수, player_code 없음 0명, round=kbo_r)
=== 2024-09-25 완료 (107타자/38투수, player_code 없음 0명, round=kbo_r)
=== 2024-09-26 완료 (91타자/28투수, player_code 없음 0명, round=kbo_r)
=== 2024-09-27 완료 (95타자/37투수, player_code 없음 0명, round=kbo_r)
=== 2024-09-28 완료 (148타자/68투수, player_code 없음 0명, round=kbo_r)
=== 2024-09-29 완료 (27타자/12투수, player_code 없음 0명, round=kbo_r)
=== 2024-09-30 완료 (56타자/26투수, player_code 없음 0명, round=kbo_r)
=== 2024-10-01 완료 (51타자/14투수, player_code 없음 0명, round=kbo_r)
=== 2024-10-02 완료 (25타자/12투수, player_code 없음 0명, round=kbo_ps_wd)
=== 2024-10-03 완료 (22타자/8투수, player_code 없음 0명, round=kbo_ps_wd)
=== 2024-10-05 완료 (20타자/8투수, player_code 없음 0명, round=kbo_ps_sp)
=== 2024-10-06 완료 (22타자/10투수, player_code 없음 0명, round=kbo_ps_sp)
=== 2024-10-08 완료 (25타자/10투수, player_code 없음 0명, round=kbo_ps_sp)
=== 2024-10-09 완료 (26타자/11투수, player_code 없음 0명, round=kbo_ps_sp)
=== 2024-10-11 완료 (23타자/8투수, player_code 없음 0명, round=kbo_ps_sp)
=== 2024-10-13 완료 (23타자/16투수, player_code 없음 0명, round=kbo_ps_po)
=== 2024-10-15 완료 (27타자/13투수, player_code 없음 0명, round=kbo_ps_po)
=== 2024-10-17 완료 (21타자/9투수, player_code 없음 0명, round=kbo_ps_po)
=== 2024-10-19 완료 (24타자/7투수, player_code 없음 0명, round=kbo_ps_po)
=== 2024-10-23 완료 (46타자/23투수, player_code 없음 0명, round=kbo_ps_ks)
=== 2024-10-25 완료 (23타자/11투수, player_code 없음 0명, round=kbo_ps_ks)
=== 2024-10-26 완료 (26타자/12투수, player_code 없음 0명, round=kbo_ps_ks)
=== 2024-10-28 완료 (25타자/13투수, player_code 없음 0명, round=kbo_ps_ks)
이번 실행 후 남은 미완료: 0일
