...2023-01-20까지 처리, 저장 중
...2023-02-09까지 처리, 저장 중
...2023-03-01까지 처리, 저장 중
...2023-03-21까지 처리, 저장 중
...2023-04-10까지 처리, 저장 중
...2023-04-30까지 처리, 저장 중
...2023-05-20까지 처리, 저장 중
...2023-06-09까지 처리, 저장 중
...2023-06-29까지 처리, 저장 중
...2023-07-19까지 처리, 저장 중
...2023-08-08까지 처리, 저장 중
...2023-08-28까지 처리, 저장 중
...2023-09-17까지 처리, 저장 중
...2023-10-07까지 처리, 저장 중
...2023-10-27까지 처리, 저장 중
...2023-11-16까지 처리, 저장 중
...2023-12-06까지 처리, 저장 중
...2023-12-26까지 처리, 저장 중
...2024-01-15까지 처리, 저장 중
...2024-02-04까지 처리, 저장 중
...2024-02-24까지 처리, 저장 중
...2024-03-15까지 처리, 저장 중
...2024-04-04까지 처리, 저장 중
...2024-04-24까지 처리, 저장 중
...2024-05-14까지 처리, 저장 중
...2024-06-03까지 처리, 저장 중
...2024-06-23까지 처리, 저장 중
...2024-07-13까지 처리, 저장 중
...2024-08-02까지 처리, 저장 중
...2024-08-22까지 처리, 저장 중
...2024-09-11까지 처리, 저장 중
...2024-10-01까지 처리, 저장 중
...2024-10-21까지 처리, 저장 중
...2024-11-10까지 처리, 저장 중
...2024-11-30까지 처리, 저장 중
...2024-12-20까지 처리, 저장 중
완료: C:\Users\HUI\OneDrive\바탕 화면\GG\fanmo\season_calendar.json
None 558 2023-01-01 ~ 2026-08-31
kbo_e 47 2023-03-13 ~ 2026-03-24
kbo_r 625 2023-04-01 ~ 2026-09-10
kbo_as 4 2023-07-15 ~ 2026-07-11
kbo_ps_wd 5 2023-10-19 ~ 2025-10-07
kbo_ps_sp 12 2023-10-22 ~ 2025-10-14
kbo_ps_po 14 2023-10-30 ~ 2025-10-24
kbo_ps_ks 14 2023-11-07 ~ 2025-10-31
